.\tests\ours\semantical_tests\small\fun_calls.drac
label: <id> content: f line: 1 col: 1
label: ( content: ( line: 1 col: 2
label: <id> content: a line: 1 col: 3
label: , content: , line: 1 col: 4
label: <id> content: b line: 1 col: 5
label: , content: , line: 1 col: 6
label: <id> content: c line: 1 col: 7
label: ) content: ) line: 1 col: 8
label: { content: { line: 1 col: 9
label: return content: return line: 2 col: 10
label: <id> content: f line: 2 col: 12
label: ( content: ( line: 2 col: 13
label: <id> content: a line: 2 col: 14
label: + content: + line: 2 col: 16
label: <id> content: b line: 2 col: 18
label: + content: + line: 2 col: 20
label: <id> content: c line: 2 col: 22
label: + content: + line: 2 col: 24
label: <id> content: x line: 2 col: 26
label: , content: , line: 2 col: 27
label: <id> content: b line: 2 col: 28
label: , content: , line: 2 col: 29
label: <id> content: c line: 2 col: 30
label: ) content: ) line: 2 col: 31
label: ; content: ; line: 2 col: 32
label: while content: while line: 3 col: 9
label: ( content: ( line: 3 col: 10
label: <id> content: a line: 3 col: 11
label: < content: < line: 3 col: 12
label: <id> content: b line: 3 col: 13
label: ) content: ) line: 3 col: 14
label: { content: { line: 3 col: 15
label: if content: if line: 4 col: 10
label: ( content: ( line: 4 col: 11
label: <id> content: c line: 4 col: 12
label: < content: < line: 4 col: 13
label: <id> content: b line: 4 col: 14
label: ) content: ) line: 4 col: 15
label: { content: { line: 4 col: 16
label: break content: break line: 5 col: 17
label: ; content: ; line: 5 col: 18
label: } content: } line: 6 col: 9
label: } content: } line: 7 col: 5
label: do content: do line: 8 col: 6
label: { content: { line: 8 col: 8
label: break content: break line: 9 col: 13
label: ; content: ; line: 9 col: 14
label: } content: } line: 10 col: 5
label: while content: while line: 10 col: 10
label: ( content: ( line: 10 col: 11
label: <id> content: x line: 10 col: 12
label: < content: < line: 10 col: 13
label: <id> content: a line: 10 col: 14
label: ) content: ) line: 10 col: 15
label: ; content: ; line: 10 col: 16
label: break content: break line: 11 col: 9
label: ; content: ; line: 11 col: 10
label: } content: } line: 12 col: 1
label: <id> content: f line: 13 col: 1
label: ( content: ( line: 13 col: 2
label: <id> content: a line: 13 col: 3
label: , content: , line: 13 col: 4
label: <id> content: b line: 13 col: 5
label: ) content: ) line: 13 col: 6
label: { content: { line: 13 col: 7
label: } content: } line: 13 col: 8
label: var content: var line: 14 col: 3
label: <id> content: x line: 14 col: 5
label: ; content: ; line: 14 col: 6
label: <id> content: main line: 15 col: 4
label: ( content: ( line: 15 col: 5
label: ) content: ) line: 15 col: 6
label: { content: { line: 15 col: 7
label: <id> content: f line: 16 col: 5
label: ( content: ( line: 16 col: 6
label: <lit-int> content: 1 line: 16 col: 7
label: + content: + line: 16 col: 8
label: <lit-int> content: 6 line: 16 col: 9
label: / content: / line: 16 col: 10
label: ( content: ( line: 16 col: 11
label: <lit-int> content: 3 line: 16 col: 12
label: + content: + line: 16 col: 13
label: <lit-int> content: 5 line: 16 col: 14
label: ) content: ) line: 16 col: 15
label: , content: , line: 16 col: 16
label: <lit-int> content: 2 line: 16 col: 17
label: , content: , line: 16 col: 18
label: <lit-int> content: 3 line: 16 col: 19
label: ) content: ) line: 16 col: 20
label: ; content: ; line: 16 col: 21
label: <id> content: f line: 17 col: 5
label: ( content: ( line: 17 col: 6
label: <lit-int> content: 1 line: 17 col: 7
label: , content: , line: 17 col: 8
label: <lit-int> content: 2 line: 17 col: 9
label: ) content: ) line: 17 col: 10
label: ; content: ; line: 17 col: 11
label: <id> content: g line: 18 col: 5
label: ( content: ( line: 18 col: 6
label: ) content: ) line: 18 col: 7
label: ; content: ; line: 18 col: 8
label: <id> content: x line: 19 col: 5
label: = content: = line: 19 col: 7
label: <lit-int> content: 1000000000000 line: 19 col: 21
label: ; content: ; line: 19 col: 22
label: } content: } line: 20 col: 1
