.\tests\ours\semantical_tests\small\fun_calls.drac
type: fun scope: 0 name: printi index: 0 arity: 1
type: fun scope: 0 name: printc index: 1 arity: 1
type: fun scope: 0 name: prints index: 2 arity: 1
type: fun scope: 0 name: println index: 3 arity: 0
type: fun scope: 0 name: readi index: 4 arity: 0
type: fun scope: 0 name: reads index: 5 arity: 0
type: fun scope: 0 name: new index: 6 arity: 1
type: fun scope: 0 name: size index: 7 arity: 1
type: fun scope: 0 name: add index: 8 arity: 2
type: fun scope: 0 name: get index: 9 arity: 2
type: fun scope: 0 name: set index: 10 arity: 3
type: fun scope: 0 name: f index: 11 arity: 3
type: fun scope: 0 name: main index: 18 arity: 0
type: var scope: 14 name: a index: 19
type: var scope: 14 name: b index: 20
type: var scope: 14 name: c index: 21
type: var scope: 22 name: a index: 22
type: var scope: 22 name: b index: 23
type: var scope: 23 name: x index: 24
