.\tests\ours\0.drac
.\tests\ours\1.drac
label: <id> content: main
label: ( content: (
label: <id> content: a
label: , content: ,
label: <id> content: b
label: ) content: )
label: { content: {
label: var content: var
label: <id> content: x
label: , content: ,
label: <id> content: y
label: ; content: ;
label: } content: }
