.\tests\ours\fun_var_same.drac
label: var content: var
label: <id> content: x
label: ; content: ;
label: <id> content: fun
label: ( content: (
label: <id> content: y
label: ) content: )
label: { content: {
label: <id> content: x
label: = content: =
label: <lit-int> content: 3
label: ; content: ;
label: } content: }
label: <id> content: main
label: ( content: (
label: ) content: )
label: { content: {
label: <id> content: main2
label: = content: =
label: <lit-int> content: 3
label: ; content: ;
label: <id> content: main2
label: ( content: (
label: ) content: )
label: ; content: ;
label: } content: }
label: var content: var
label: <id> content: main
label: ; content: ;
label: <id> content: main
label: ( content: (
label: ) content: )
label: { content: {
label: var content: var
label: <id> content: main2
label: , content: ,
label: <id> content: main2
label: ; content: ;
label: } content: }
label: var content: var
label: <id> content: main2
label: ; content: ;
label: <id> content: main2
label: ( content: (
label: ) content: )
label: { content: {
label: var content: var
label: <id> content: main2
label: ; content: ;
label: } content: }
label: var content: var
label: <id> content: main2
label: ; content: ;
